  Determinando los proyectos que se van a restaurar...
  Todos los proyectos est├ín actualizados para la restauraci├│n.
  Hotel.Domain -> C:\Users\ingen\OneDrive\Documentos\CEPHAS\HOTEL_TIKKUN_CEPHAS\CEPHAS-API-HOTEL\cephas-api-hotel\Hotel.Domain\bin\Debug\net9.0\Hotel.Domain.dll
C:\Users\ingen\OneDrive\Documentos\CEPHAS\HOTEL_TIKKUN_CEPHAS\CEPHAS-API-HOTEL\cephas-api-hotel\Hotel.Application\Services\RoomService.cs(26,17): error CS0117: 'Room' no contiene una definici├│n para 'IsActive' [C:\Users\ingen\OneDrive\Documentos\CEPHAS\HOTEL_TIKKUN_CEPHAS\CEPHAS-API-HOTEL\cephas-api-hotel\Hotel.Application\Hotel.Application.csproj]
C:\Users\ingen\OneDrive\Documentos\CEPHAS\HOTEL_TIKKUN_CEPHAS\CEPHAS-API-HOTEL\cephas-api-hotel\Hotel.Application\Services\RoomService.cs(54,34): error CS1061: "Room" no contiene una definici├│n para "IsActive" ni un m├®todo de extensi├│n accesible "IsActive" que acepte un primer argumento del tipo "Room" (┬┐falta alguna directiva using o una referencia de ensamblado?) [C:\Users\ingen\OneDrive\Documentos\CEPHAS\HOTEL_TIKKUN_CEPHAS\CEPHAS-API-HOTEL\cephas-api-hotel\Hotel.Application\Hotel.Application.csproj]
C:\Users\ingen\OneDrive\Documentos\CEPHAS\HOTEL_TIKKUN_CEPHAS\CEPHAS-API-HOTEL\cephas-api-hotel\Hotel.Application\Services\RoomService.cs(74,33): error CS1061: "Room" no contiene una definici├│n para "IsActive" ni un m├®todo de extensi├│n accesible "IsActive" que acepte un primer argumento del tipo "Room" (┬┐falta alguna directiva using o una referencia de ensamblado?) [C:\Users\ingen\OneDrive\Documentos\CEPHAS\HOTEL_TIKKUN_CEPHAS\CEPHAS-API-HOTEL\cephas-api-hotel\Hotel.Application\Hotel.Application.csproj]
C:\Users\ingen\OneDrive\Documentos\CEPHAS\HOTEL_TIKKUN_CEPHAS\CEPHAS-API-HOTEL\cephas-api-hotel\Hotel.Application\Services\RoomService.cs(97,18): error CS1061: "Room" no contiene una definici├│n para "IsActive" ni un m├®todo de extensi├│n accesible "IsActive" que acepte un primer argumento del tipo "Room" (┬┐falta alguna directiva using o una referencia de ensamblado?) [C:\Users\ingen\OneDrive\Documentos\CEPHAS\HOTEL_TIKKUN_CEPHAS\CEPHAS-API-HOTEL\cephas-api-hotel\Hotel.Application\Hotel.Application.csproj]

ERROR al compilar.

C:\Users\ingen\OneDrive\Documentos\CEPHAS\HOTEL_TIKKUN_CEPHAS\CEPHAS-API-HOTEL\cephas-api-hotel\Hotel.Application\Services\RoomService.cs(26,17): error CS0117: 'Room' no contiene una definici├│n para 'IsActive' [C:\Users\ingen\OneDrive\Documentos\CEPHAS\HOTEL_TIKKUN_CEPHAS\CEPHAS-API-HOTEL\cephas-api-hotel\Hotel.Application\Hotel.Application.csproj]
C:\Users\ingen\OneDrive\Documentos\CEPHAS\HOTEL_TIKKUN_CEPHAS\CEPHAS-API-HOTEL\cephas-api-hotel\Hotel.Application\Services\RoomService.cs(54,34): error CS1061: "Room" no contiene una definici├│n para "IsActive" ni un m├®todo de extensi├│n accesible "IsActive" que acepte un primer argumento del tipo "Room" (┬┐falta alguna directiva using o una referencia de ensamblado?) [C:\Users\ingen\OneDrive\Documentos\CEPHAS\HOTEL_TIKKUN_CEPHAS\CEPHAS-API-HOTEL\cephas-api-hotel\Hotel.Application\Hotel.Application.csproj]
C:\Users\ingen\OneDrive\Documentos\CEPHAS\HOTEL_TIKKUN_CEPHAS\CEPHAS-API-HOTEL\cephas-api-hotel\Hotel.Application\Services\RoomService.cs(74,33): error CS1061: "Room" no contiene una definici├│n para "IsActive" ni un m├®todo de extensi├│n accesible "IsActive" que acepte un primer argumento del tipo "Room" (┬┐falta alguna directiva using o una referencia de ensamblado?) [C:\Users\ingen\OneDrive\Documentos\CEPHAS\HOTEL_TIKKUN_CEPHAS\CEPHAS-API-HOTEL\cephas-api-hotel\Hotel.Application\Hotel.Application.csproj]
C:\Users\ingen\OneDrive\Documentos\CEPHAS\HOTEL_TIKKUN_CEPHAS\CEPHAS-API-HOTEL\cephas-api-hotel\Hotel.Application\Services\RoomService.cs(97,18): error CS1061: "Room" no contiene una definici├│n para "IsActive" ni un m├®todo de extensi├│n accesible "IsActive" que acepte un primer argumento del tipo "Room" (┬┐falta alguna directiva using o una referencia de ensamblado?) [C:\Users\ingen\OneDrive\Documentos\CEPHAS\HOTEL_TIKKUN_CEPHAS\CEPHAS-API-HOTEL\cephas-api-hotel\Hotel.Application\Hotel.Application.csproj]
    0 Advertencia(s)
    4 Errores

Tiempo transcurrido 00:00:01.30
